
===========================================================================
report_checks -unconstrained
============================================================================
Startpoint: prog_reset_top_in (input port clocked by clk0)
Endpoint: cbx_8__0_.cbx_8__0_.mem_top_ipin_1.sky130_fd_sc_hd__dfrtp_1_0_
          (recovery check against rising-edge clock prog_clk)
Path Group: asynchronous
Path Type: max

Fanout     Cap    Slew   Delay    Time   Description
-----------------------------------------------------------------------------
                  0.00    0.00    0.00   clock clk0 (rise edge)
                          0.00    0.00   clock network delay (ideal)
                          3.00    3.00 ^ input external delay
                  0.50    0.00    3.00 ^ prog_reset_top_in (in)
     1    0.01                           prog_reset_top_in (net)
                  0.50    0.00    3.00 ^ input68/A (sky130_fd_sc_hd__clkbuf_16)
                  0.59    0.58    3.58 ^ input68/X (sky130_fd_sc_hd__clkbuf_16)
   114    0.59                           net68 (net)
                  0.64    0.13    3.72 ^ cbx_8__0_.cbx_8__0_.mem_top_ipin_1.sky130_fd_sc_hd__dfrtp_1_0_/RESET_B (sky130_fd_sc_hd__dfrtp_4)
                                  3.72   data arrival time

                        100.00  100.00   clock prog_clk (rise edge)
                          0.00  100.00   clock source latency
                  0.50    0.00  100.00 ^ prog_clk (in)
     1    0.03                           prog_clk (net)
                  0.51    0.00  100.00 ^ clkbuf_0_prog_clk/A (sky130_fd_sc_hd__clkbuf_16)
                  0.13    0.30  100.30 ^ clkbuf_0_prog_clk/X (sky130_fd_sc_hd__clkbuf_16)
    16    0.12                           clknet_0_prog_clk (net)
                  0.14    0.01  100.31 ^ clkbuf_4_0_0_prog_clk/A (sky130_fd_sc_hd__clkbuf_8)
                  0.06    0.16  100.47 ^ clkbuf_4_0_0_prog_clk/X (sky130_fd_sc_hd__clkbuf_8)
     6    0.02                           clknet_4_0_0_prog_clk (net)
                  0.06    0.00  100.47 ^ cbx_8__0_.cbx_8__0_.mem_top_ipin_1.sky130_fd_sc_hd__dfrtp_1_0_/CLK (sky130_fd_sc_hd__dfrtp_4)
                         -0.10  100.37   clock uncertainty
                          0.00  100.37   clock reconvergence pessimism
                          0.02  100.38   library recovery time
                                100.38   data required time
-----------------------------------------------------------------------------
                                100.38   data required time
                                 -3.72   data arrival time
-----------------------------------------------------------------------------
                                 96.67   slack (MET)


Startpoint: isol_n (input port clocked by clk0)
Endpoint: gfpga_pad_io_soc_out[3] (output port clocked by clk0)
Path Group: clk0
Path Type: max

Fanout     Cap    Slew   Delay    Time   Description
-----------------------------------------------------------------------------
                  0.00    0.00    0.00   clock clk0 (rise edge)
                          0.00    0.00   clock network delay (ideal)
                          3.00    3.00 v input external delay
                  0.50    0.00    3.00 v isol_n (in)
     1    0.00                           isol_n (net)
                  0.50    0.00    3.00 v input67/A (sky130_fd_sc_hd__dlymetal6s2s_1)
                  0.12    0.40    3.40 v input67/X (sky130_fd_sc_hd__dlymetal6s2s_1)
     4    0.02                           net67 (net)
                  0.12    0.00    3.40 v cbx_8__0_.grid_io_bottom_bottom_8__0_.logical_tile_io_mode_io__0.logical_tile_io_mode_physical__iopad_0.io_0_.ISOL_EN_GATE/B_N (sky130_fd_sc_hd__or2b_1)
                  0.15    0.27    3.68 ^ cbx_8__0_.grid_io_bottom_bottom_8__0_.logical_tile_io_mode_io__0.logical_tile_io_mode_physical__iopad_0.io_0_.ISOL_EN_GATE/X (sky130_fd_sc_hd__or2b_1)
     3    0.02                           cbx_8__0_.grid_io_bottom_bottom_8__0_.logical_tile_io_mode_io__0.gfpga_pad_io_soc_dir (net)
                  0.15    0.00    3.68 ^ cbx_8__0_.grid_io_bottom_bottom_8__0_.logical_tile_io_mode_io__0.logical_tile_io_mode_physical__iopad_0.io_0_.INV_SOC_DIR/A (sky130_fd_sc_hd__inv_1)
                  0.08    0.11    3.79 v cbx_8__0_.grid_io_bottom_bottom_8__0_.logical_tile_io_mode_io__0.logical_tile_io_mode_physical__iopad_0.io_0_.INV_SOC_DIR/Y (sky130_fd_sc_hd__inv_1)
     1    0.01                           cbx_8__0_.grid_io_bottom_bottom_8__0_.logical_tile_io_mode_io__0.logical_tile_io_mode_physical__iopad_0.io_0_.SOC_DIR_N (net)
                  0.08    0.00    3.79 v cbx_8__0_.grid_io_bottom_bottom_8__0_.logical_tile_io_mode_io__0.logical_tile_io_mode_physical__iopad_0.io_0_.IN_PROTECT_GATE/TE_B (sky130_fd_sc_hd__ebufn_8)
                  0.25    0.34    4.13 v cbx_8__0_.grid_io_bottom_bottom_8__0_.logical_tile_io_mode_io__0.logical_tile_io_mode_physical__iopad_0.io_0_.IN_PROTECT_GATE/Z (sky130_fd_sc_hd__ebufn_8)
     6    0.14                           top_width_0_height_0_subtile_0__pin_inpad_0_ (net)
                  0.25    0.00    4.13 v sb_8__0_.mux_left_track_13.mux_l1_in_0_/A0 (sky130_fd_sc_hd__mux2_1)
                  0.12    0.46    4.60 v sb_8__0_.mux_left_track_13.mux_l1_in_0_/X (sky130_fd_sc_hd__mux2_1)
     1    0.02                           sb_8__0_.mux_left_track_13.sky130_fd_sc_hd__mux2_1_0_X (net)
                  0.12    0.00    4.60 v sb_8__0_.mux_left_track_13.mux_l2_in_0_/A1 (sky130_fd_sc_hd__mux2_1)
                  0.12    0.42    5.01 v sb_8__0_.mux_left_track_13.mux_l2_in_0_/X (sky130_fd_sc_hd__mux2_1)
     1    0.02                           sb_8__0_.mux_left_track_13.sky130_fd_sc_hd__mux2_1_1_X (net)
                  0.12    0.00    5.01 v sb_8__0_.mux_left_track_13.sky130_fd_sc_hd__buf_4_0_/A (sky130_fd_sc_hd__dlymetal6s2s_1)
                  0.16    0.29    5.30 v sb_8__0_.mux_left_track_13.sky130_fd_sc_hd__buf_4_0_/X (sky130_fd_sc_hd__dlymetal6s2s_1)
     2    0.03                           sb_8__0_.mux_left_track_13.out (net)
                  0.16    0.00    5.31 v cbx_8__0_.cbx_8__0_.mux_top_ipin_0.mux_l1_in_2_/A0 (sky130_fd_sc_hd__mux2_1)
                  0.07    0.36    5.66 v cbx_8__0_.cbx_8__0_.mux_top_ipin_0.mux_l1_in_2_/X (sky130_fd_sc_hd__mux2_1)
     1    0.01                           cbx_8__0_.cbx_8__0_.mux_top_ipin_0.sky130_fd_sc_hd__mux2_1_2_X (net)
                  0.07    0.00    5.66 v cbx_8__0_.cbx_8__0_.mux_top_ipin_0.mux_l2_in_1_/A1 (sky130_fd_sc_hd__mux2_1)
                  0.07    0.33    6.00 v cbx_8__0_.cbx_8__0_.mux_top_ipin_0.mux_l2_in_1_/X (sky130_fd_sc_hd__mux2_1)
     1    0.01                           cbx_8__0_.cbx_8__0_.mux_top_ipin_0.sky130_fd_sc_hd__mux2_1_6_X (net)
                  0.07    0.00    6.00 v cbx_8__0_.cbx_8__0_.mux_top_ipin_0.mux_l3_in_0_/A0 (sky130_fd_sc_hd__mux2_1)
                  0.08    0.33    6.33 v cbx_8__0_.cbx_8__0_.mux_top_ipin_0.mux_l3_in_0_/X (sky130_fd_sc_hd__mux2_1)
     1    0.01                           cbx_8__0_.cbx_8__0_.mux_top_ipin_0.sky130_fd_sc_hd__mux2_1_9_X (net)
                  0.08    0.00    6.33 v cbx_8__0_.cbx_8__0_.mux_top_ipin_0.mux_l4_in_0_/A1 (sky130_fd_sc_hd__mux2_1)
                  0.07    0.34    6.67 v cbx_8__0_.cbx_8__0_.mux_top_ipin_0.mux_l4_in_0_/X (sky130_fd_sc_hd__mux2_1)
     1    0.01                           cbx_8__0_.cbx_8__0_.mux_top_ipin_0.sky130_fd_sc_hd__mux2_1_11_X (net)
                  0.07    0.00    6.67 v cbx_8__0_.cbx_8__0_.mux_top_ipin_0.sky130_fd_sc_hd__buf_4_0_/A (sky130_fd_sc_hd__clkbuf_1)
                  0.05    0.12    6.79 v cbx_8__0_.cbx_8__0_.mux_top_ipin_0.sky130_fd_sc_hd__buf_4_0_/X (sky130_fd_sc_hd__clkbuf_1)
     1    0.01                           cbx_8__0_.bottom_grid_top_width_0_height_0_subtile_0__pin_outpad_0_ (net)
                  0.05    0.00    6.79 v cbx_8__0_.grid_io_bottom_bottom_8__0_.logical_tile_io_mode_io__0.logical_tile_io_mode_physical__iopad_0.io_0_.OUT_PROTECT_GATE/A (sky130_fd_sc_hd__ebufn_1)
                  0.06    0.14    6.94 v cbx_8__0_.grid_io_bottom_bottom_8__0_.logical_tile_io_mode_io__0.logical_tile_io_mode_physical__iopad_0.io_0_.OUT_PROTECT_GATE/Z (sky130_fd_sc_hd__ebufn_1)
     1    0.01                           cbx_8__0_.grid_io_bottom_bottom_8__0_.logical_tile_io_mode_io__0.gfpga_pad_io_soc_out (net)
                  0.06    0.00    6.94 v _163_/A (sky130_fd_sc_hd__clkbuf_1)
                  0.07    0.13    7.07 v _163_/X (sky130_fd_sc_hd__clkbuf_1)
     1    0.01                           net150 (net)
                  0.07    0.00    7.07 v output150/A (sky130_fd_sc_hd__buf_12)
                  0.07    0.19    7.26 v output150/X (sky130_fd_sc_hd__buf_12)
     1    0.12                           gfpga_pad_io_soc_out[3] (net)
                  0.07    0.00    7.26 v gfpga_pad_io_soc_out[3] (out)
                                  7.26   data arrival time

                  0.00  100.00  100.00   clock clk0 (rise edge)
                          0.00  100.00   clock network delay (ideal)
                         -0.10   99.90   clock uncertainty
                          0.00   99.90   clock reconvergence pessimism
                         -3.00   96.90   output external delay
                                 96.90   data required time
-----------------------------------------------------------------------------
                                 96.90   data required time
                                 -7.26   data arrival time
-----------------------------------------------------------------------------
                                 89.64   slack (MET)


Startpoint: ccff_head (input port clocked by clk0)
Endpoint: cbx_8__0_.grid_io_bottom_bottom_8__0_.logical_tile_io_mode_io__0.logical_tile_io_mode_physical__iopad_0.io_sky130_fd_sc_hd__dfrtp_1_mem.sky130_fd_sc_hd__dfrtp_1_0_
          (rising edge-triggered flip-flop clocked by prog_clk)
Path Group: prog_clk
Path Type: max

Fanout     Cap    Slew   Delay    Time   Description
-----------------------------------------------------------------------------
                  0.00    0.00    0.00   clock clk0 (rise edge)
                          0.00    0.00   clock network delay (ideal)
                          3.00    3.00 v input external delay
                  0.50    0.00    3.00 v ccff_head (in)
     1    0.00                           ccff_head (net)
                  0.50    0.00    3.00 v input1/A (sky130_fd_sc_hd__clkbuf_1)
                  0.06    0.26    3.26 v input1/X (sky130_fd_sc_hd__clkbuf_1)
     1    0.01                           net1 (net)
                  0.06    0.00    3.26 v cbx_8__0_.grid_io_bottom_bottom_8__0_.logical_tile_io_mode_io__0.logical_tile_io_mode_physical__iopad_0.io_sky130_fd_sc_hd__dfrtp_1_mem.sky130_fd_sc_hd__dfrtp_1_0_/D (sky130_fd_sc_hd__dfrtp_1)
                                  3.26   data arrival time

                        100.00  100.00   clock prog_clk (rise edge)
                          0.00  100.00   clock source latency
                  0.50    0.00  100.00 ^ prog_clk (in)
     1    0.03                           prog_clk (net)
                  0.51    0.00  100.00 ^ clkbuf_0_prog_clk/A (sky130_fd_sc_hd__clkbuf_16)
                  0.13    0.30  100.30 ^ clkbuf_0_prog_clk/X (sky130_fd_sc_hd__clkbuf_16)
    16    0.12                           clknet_0_prog_clk (net)
                  0.14    0.01  100.31 ^ clkbuf_4_0_0_prog_clk/A (sky130_fd_sc_hd__clkbuf_8)
                  0.06    0.16  100.47 ^ clkbuf_4_0_0_prog_clk/X (sky130_fd_sc_hd__clkbuf_8)
     6    0.02                           clknet_4_0_0_prog_clk (net)
                  0.06    0.00  100.47 ^ cbx_8__0_.grid_io_bottom_bottom_8__0_.logical_tile_io_mode_io__0.logical_tile_io_mode_physical__iopad_0.io_sky130_fd_sc_hd__dfrtp_1_mem.sky130_fd_sc_hd__dfrtp_1_0_/CLK (sky130_fd_sc_hd__dfrtp_1)
                         -0.10  100.37   clock uncertainty
                          0.00  100.37   clock reconvergence pessimism
                         -0.12  100.25   library setup time
                                100.25   data required time
-----------------------------------------------------------------------------
                                100.25   data required time
                                 -3.26   data arrival time
-----------------------------------------------------------------------------
                                 96.98   slack (MET)



===========================================================================
report_checks --slack_max -0.01
============================================================================
No paths found.
