
===========================================================================
report_checks -unconstrained
============================================================================
Startpoint: isol_n (input port clocked by clk0)
Endpoint: gfpga_pad_io_soc_out[0] (output port clocked by clk0)
Path Group: clk0
Path Type: max

Fanout     Cap    Slew   Delay    Time   Description
-----------------------------------------------------------------------------
                  0.00    0.00    0.00   clock clk0 (rise edge)
                          0.00    0.00   clock network delay (ideal)
                         -0.50   -0.50 v input external delay
                  0.50    0.00   -0.50 v isol_n (in)
     2    0.00                           isol_n (net)
                  0.50    0.00   -0.50 v input67/A (sky130_fd_sc_hd__dlymetal6s2s_1)
                  0.16    0.44   -0.06 v input67/X (sky130_fd_sc_hd__dlymetal6s2s_1)
     8    0.03                           net67 (net)
                  0.16    0.00   -0.06 v cbx_8__0_.grid_io_bottom_bottom_8__0_.logical_tile_io_mode_io__3.logical_tile_io_mode_physical__iopad_0.io_0_.ISOL_EN_GATE/B_N (sky130_fd_sc_hd__or2b_2)
                  0.19    0.34    0.28 ^ cbx_8__0_.grid_io_bottom_bottom_8__0_.logical_tile_io_mode_io__3.logical_tile_io_mode_physical__iopad_0.io_0_.ISOL_EN_GATE/X (sky130_fd_sc_hd__or2b_2)
     6    0.04                           cbx_8__0_.grid_io_bottom_bottom_8__0_.logical_tile_io_mode_io__3.gfpga_pad_io_soc_dir (net)
                  0.19    0.00    0.28 ^ cbx_8__0_.grid_io_bottom_bottom_8__0_.logical_tile_io_mode_io__3.logical_tile_io_mode_physical__iopad_0.io_0_.INV_SOC_DIR/A (sky130_fd_sc_hd__inv_1)
                  0.08    0.12    0.40 v cbx_8__0_.grid_io_bottom_bottom_8__0_.logical_tile_io_mode_io__3.logical_tile_io_mode_physical__iopad_0.io_0_.INV_SOC_DIR/Y (sky130_fd_sc_hd__inv_1)
     1    0.01                           cbx_8__0_.grid_io_bottom_bottom_8__0_.logical_tile_io_mode_io__3.logical_tile_io_mode_physical__iopad_0.io_0_.SOC_DIR_N (net)
                  0.08    0.00    0.40 v cbx_8__0_.grid_io_bottom_bottom_8__0_.logical_tile_io_mode_io__3.logical_tile_io_mode_physical__iopad_0.io_0_.IN_PROTECT_GATE/TE_B (sky130_fd_sc_hd__ebufn_8)
                  0.28    0.35    0.75 v cbx_8__0_.grid_io_bottom_bottom_8__0_.logical_tile_io_mode_io__3.logical_tile_io_mode_physical__iopad_0.io_0_.IN_PROTECT_GATE/Z (sky130_fd_sc_hd__ebufn_8)
    11    0.14                           top_width_0_height_0_subtile_3__pin_inpad_0_ (net)
                  0.28    0.01    0.75 v sb_8__0_.mux_left_track_7.mux_l1_in_1_/A1 (sky130_fd_sc_hd__mux2_1)
                  0.06    0.40    1.15 v sb_8__0_.mux_left_track_7.mux_l1_in_1_/X (sky130_fd_sc_hd__mux2_1)
     1    0.00                           sb_8__0_.mux_left_track_7.sky130_fd_sc_hd__mux2_1_1_X (net)
                  0.06    0.00    1.15 v sb_8__0_.mux_left_track_7.mux_l2_in_0_/A0 (sky130_fd_sc_hd__mux2_1)
                  0.15    0.41    1.56 v sb_8__0_.mux_left_track_7.mux_l2_in_0_/X (sky130_fd_sc_hd__mux2_1)
     1    0.02                           sb_8__0_.mux_left_track_7.sky130_fd_sc_hd__mux2_1_2_X (net)
                  0.15    0.00    1.56 v sb_8__0_.mux_left_track_7.sky130_fd_sc_hd__buf_4_0_/A (sky130_fd_sc_hd__clkbuf_2)
                  0.27    0.35    1.91 v sb_8__0_.mux_left_track_7.sky130_fd_sc_hd__buf_4_0_/X (sky130_fd_sc_hd__clkbuf_2)
     6    0.07                           sb_8__0_.mux_left_track_7.out (net)
                  0.27    0.00    1.92 v cbx_8__0_.cbx_8__0_.mux_top_ipin_3.mux_l1_in_1_/A0 (sky130_fd_sc_hd__mux2_1)
                  0.09    0.44    2.35 v cbx_8__0_.cbx_8__0_.mux_top_ipin_3.mux_l1_in_1_/X (sky130_fd_sc_hd__mux2_1)
     1    0.01                           cbx_8__0_.cbx_8__0_.mux_top_ipin_3.sky130_fd_sc_hd__mux2_1_1_X (net)
                  0.09    0.00    2.35 v cbx_8__0_.cbx_8__0_.mux_top_ipin_3.mux_l2_in_0_/A0 (sky130_fd_sc_hd__mux2_1)
                  0.08    0.35    2.70 v cbx_8__0_.cbx_8__0_.mux_top_ipin_3.mux_l2_in_0_/X (sky130_fd_sc_hd__mux2_1)
     1    0.01                           cbx_8__0_.cbx_8__0_.mux_top_ipin_3.sky130_fd_sc_hd__mux2_1_5_X (net)
                  0.08    0.00    2.70 v cbx_8__0_.cbx_8__0_.mux_top_ipin_3.mux_l3_in_0_/A1 (sky130_fd_sc_hd__mux2_1)
                  0.06    0.33    3.03 v cbx_8__0_.cbx_8__0_.mux_top_ipin_3.mux_l3_in_0_/X (sky130_fd_sc_hd__mux2_1)
     1    0.00                           cbx_8__0_.cbx_8__0_.mux_top_ipin_3.sky130_fd_sc_hd__mux2_1_9_X (net)
                  0.06    0.00    3.03 v cbx_8__0_.cbx_8__0_.mux_top_ipin_3.mux_l4_in_0_/A1 (sky130_fd_sc_hd__mux2_1)
                  0.18    0.46    3.49 v cbx_8__0_.cbx_8__0_.mux_top_ipin_3.mux_l4_in_0_/X (sky130_fd_sc_hd__mux2_1)
     2    0.03                           cbx_8__0_.cbx_8__0_.mux_top_ipin_3.sky130_fd_sc_hd__mux2_1_11_X (net)
                  0.18    0.00    3.49 v cbx_8__0_.cbx_8__0_.mux_top_ipin_3.sky130_fd_sc_hd__buf_4_0_/A (sky130_fd_sc_hd__clkbuf_1)
                  0.07    0.19    3.68 v cbx_8__0_.cbx_8__0_.mux_top_ipin_3.sky130_fd_sc_hd__buf_4_0_/X (sky130_fd_sc_hd__clkbuf_1)
     1    0.01                           cbx_8__0_.bottom_grid_top_width_0_height_0_subtile_3__pin_outpad_0_ (net)
                  0.07    0.00    3.68 v cbx_8__0_.grid_io_bottom_bottom_8__0_.logical_tile_io_mode_io__3.logical_tile_io_mode_physical__iopad_0.io_0_.OUT_PROTECT_GATE/A (sky130_fd_sc_hd__ebufn_8)
                  0.20    0.31    3.98 v cbx_8__0_.grid_io_bottom_bottom_8__0_.logical_tile_io_mode_io__3.logical_tile_io_mode_physical__iopad_0.io_0_.OUT_PROTECT_GATE/Z (sky130_fd_sc_hd__ebufn_8)
     1    0.13                           gfpga_pad_io_soc_out[0] (net)
                  0.20    0.01    3.99 v gfpga_pad_io_soc_out[0] (out)
                                  3.99   data arrival time

                  0.00  120.00  120.00   clock clk0 (rise edge)
                          0.00  120.00   clock network delay (ideal)
                         -0.10  119.90   clock uncertainty
                          0.00  119.90   clock reconvergence pessimism
                         -2.00  117.90   output external delay
                                117.90   data required time
-----------------------------------------------------------------------------
                                117.90   data required time
                                 -3.99   data arrival time
-----------------------------------------------------------------------------
                                113.91   slack (MET)


Startpoint: cbx_8__0_.grid_io_bottom_bottom_8__0_.logical_tile_io_mode_io__3.logical_tile_io_mode_physical__iopad_0.io_sky130_fd_sc_hd__dfrtp_1_mem.sky130_fd_sc_hd__dfrtp_1_0_
            (rising edge-triggered flip-flop clocked by prog_clk)
Endpoint: ccff_tail (output port clocked by prog_clk)
Path Group: prog_clk
Path Type: max

Fanout     Cap    Slew   Delay    Time   Description
-----------------------------------------------------------------------------
                          0.00    0.00   clock prog_clk (rise edge)
                          0.00    0.00   clock source latency
                  0.50    0.00    0.00 ^ prog_clk (in)
     2    0.04                           prog_clk (net)
                  0.51    0.00    0.00 ^ clkbuf_0_prog_clk/A (sky130_fd_sc_hd__clkbuf_16)
                  0.16    0.35    0.36 ^ clkbuf_0_prog_clk/X (sky130_fd_sc_hd__clkbuf_16)
    32    0.15                           clknet_0_prog_clk (net)
                  0.17    0.01    0.36 ^ clkbuf_4_10_0_prog_clk/A (sky130_fd_sc_hd__clkbuf_8)
                  0.07    0.20    0.56 ^ clkbuf_4_10_0_prog_clk/X (sky130_fd_sc_hd__clkbuf_8)
     8    0.03                           clknet_4_10_0_prog_clk (net)
                  0.07    0.00    0.56 ^ cbx_8__0_.grid_io_bottom_bottom_8__0_.logical_tile_io_mode_io__3.logical_tile_io_mode_physical__iopad_0.io_sky130_fd_sc_hd__dfrtp_1_mem.sky130_fd_sc_hd__dfrtp_1_0_/CLK (sky130_fd_sc_hd__dfrtp_4)
                  0.10    0.56    1.12 v cbx_8__0_.grid_io_bottom_bottom_8__0_.logical_tile_io_mode_io__3.logical_tile_io_mode_physical__iopad_0.io_sky130_fd_sc_hd__dfrtp_1_mem.sky130_fd_sc_hd__dfrtp_1_0_/Q (sky130_fd_sc_hd__dfrtp_4)
     4    0.03                           net77 (net)
                  0.10    0.00    1.12 v output77/A (sky130_fd_sc_hd__buf_12)
                  0.07    0.20    1.32 v output77/X (sky130_fd_sc_hd__buf_12)
     1    0.12                           ccff_tail (net)
                  0.07    0.00    1.33 v ccff_tail (out)
                                  1.33   data arrival time

                        120.00  120.00   clock prog_clk (rise edge)
                          0.00  120.00   clock network delay (propagated)
                         -0.10  119.90   clock uncertainty
                          0.00  119.90   clock reconvergence pessimism
                         -2.00  117.90   output external delay
                                117.90   data required time
-----------------------------------------------------------------------------
                                117.90   data required time
                                 -1.33   data arrival time
-----------------------------------------------------------------------------
                                116.57   slack (MET)



===========================================================================
report_checks --slack_max -0.01
============================================================================
No paths found.
