
===========================================================================
report_parasitic_annotation -report_unannotated
============================================================================
Found 57 unannotated drivers.
 reset
 test_enable
 cby_0__1_.cby_0__1_.mux_right_ipin_0.mux_l2_in_3__248/LO
 cby_0__1_.cby_0__1_.mux_right_ipin_1.mux_l2_in_3__249/LO
 cby_0__1_.cby_0__1_.mux_right_ipin_2.mux_l2_in_3__250/LO
 cby_0__1_.cby_0__1_.mux_right_ipin_3.mux_l2_in_3__251/LO
 left_tile_202/HI
 sb_0__1_.mux_bottom_track_1.mux_l2_in_1__252/LO
 sb_0__1_.mux_bottom_track_11.mux_l1_in_3__253/LO
 sb_0__1_.mux_bottom_track_13.mux_l2_in_1__254/LO
 sb_0__1_.mux_bottom_track_21.mux_l2_in_1__255/LO
 sb_0__1_.mux_bottom_track_29.mux_l2_in_1__256/LO
 sb_0__1_.mux_bottom_track_3.mux_l2_in_1__203/LO
 sb_0__1_.mux_bottom_track_37.mux_l2_in_1__204/LO
 sb_0__1_.mux_bottom_track_45.mux_l2_in_1__205/LO
 sb_0__1_.mux_bottom_track_5.mux_l2_in_1__206/LO
 sb_0__1_.mux_bottom_track_53.mux_l1_in_1__207/LO
 sb_0__1_.mux_bottom_track_7.mux_l1_in_3__208/LO
 sb_0__1_.mux_right_track_0.mux_l2_in_1__209/LO
 sb_0__1_.mux_right_track_10.mux_l2_in_1__210/LO
 sb_0__1_.mux_right_track_12.mux_l2_in_1__211/LO
 sb_0__1_.mux_right_track_14.mux_l2_in_1__212/LO
 sb_0__1_.mux_right_track_16.mux_l2_in_1__213/LO
 sb_0__1_.mux_right_track_18.mux_l2_in_1__214/LO
 sb_0__1_.mux_right_track_2.mux_l2_in_1__215/LO
 sb_0__1_.mux_right_track_20.mux_l2_in_1__216/LO
 sb_0__1_.mux_right_track_22.mux_l2_in_1__217/LO
 sb_0__1_.mux_right_track_24.mux_l1_in_1__218/LO
 sb_0__1_.mux_right_track_26.mux_l1_in_1__219/LO
 sb_0__1_.mux_right_track_28.mux_l1_in_1__220/LO
 sb_0__1_.mux_right_track_30.mux_l1_in_1__221/LO
 sb_0__1_.mux_right_track_32.mux_l1_in_1__222/LO
 sb_0__1_.mux_right_track_34.mux_l1_in_1__223/LO
 sb_0__1_.mux_right_track_36.mux_l2_in_1__224/LO
 sb_0__1_.mux_right_track_38.mux_l2_in_0__225/LO
 sb_0__1_.mux_right_track_4.mux_l2_in_1__226/LO
 sb_0__1_.mux_right_track_40.mux_l2_in_0__227/LO
 sb_0__1_.mux_right_track_44.mux_l2_in_0__228/LO
 sb_0__1_.mux_right_track_46.mux_l2_in_0__229/LO
 sb_0__1_.mux_right_track_48.mux_l2_in_0__230/LO
 sb_0__1_.mux_right_track_50.mux_l1_in_1__231/LO
 sb_0__1_.mux_right_track_52.mux_l2_in_0__232/LO
 sb_0__1_.mux_right_track_54.mux_l2_in_0__233/LO
 sb_0__1_.mux_right_track_56.mux_l2_in_0__234/LO
 sb_0__1_.mux_right_track_6.mux_l2_in_1__235/LO
 sb_0__1_.mux_right_track_8.mux_l2_in_1__236/LO
 sb_0__1_.mux_top_track_0.mux_l1_in_3__237/LO
 sb_0__1_.mux_top_track_10.mux_l1_in_3__238/LO
 sb_0__1_.mux_top_track_12.mux_l2_in_1__239/LO
 sb_0__1_.mux_top_track_2.mux_l2_in_1__240/LO
 sb_0__1_.mux_top_track_20.mux_l2_in_1__241/LO
 sb_0__1_.mux_top_track_28.mux_l2_in_1__242/LO
 sb_0__1_.mux_top_track_36.mux_l2_in_1__243/LO
 sb_0__1_.mux_top_track_4.mux_l2_in_1__244/LO
 sb_0__1_.mux_top_track_44.mux_l1_in_1__245/LO
 sb_0__1_.mux_top_track_52.mux_l2_in_1__246/LO
 sb_0__1_.mux_top_track_6.mux_l1_in_3__247/LO
Found 0 partially unannotated drivers.
parastic_annotation_check
check_slew

===========================================================================
 report_check_types -max_slew -max_cap -max_fanout -violators
============================================================================

===========================================================================
max slew violation count 0
max fanout violation count 0
max cap violation count 0
============================================================================
check_slew_end
tns_report

===========================================================================
 report_tns
============================================================================
tns 0.00
tns_report_end
wns_report

===========================================================================
 report_wns
============================================================================
wns 0.00
wns_report_end
worst_slack

===========================================================================
 report_worst_slack -max (Setup)
============================================================================
worst slack 93.35

===========================================================================
 report_worst_slack -min (Hold)
============================================================================
worst slack 0.32
worst_slack_end
clock_skew

===========================================================================
 report_clock_skew
============================================================================
Clock clk0
No launch/capture paths found.

Clock prog_clk
Latency      CRPR       Skew
sb_0__1_.mem_top_track_0.sky130_fd_sc_hd__dfrtp_1_1_/CLK ^
   0.58
sb_0__1_.mem_top_track_0.sky130_fd_sc_hd__dfrtp_1_2_/CLK ^
   0.51     -0.03       0.04

clock_skew_end
power_report

===========================================================================
 report_power
============================================================================
Group                  Internal  Switching    Leakage      Total
                          Power      Power      Power      Power (Watts)
----------------------------------------------------------------
Sequential             6.42e-05   4.02e-06   1.76e-09   6.82e-05  39.0%
Combinational          3.93e-05   6.74e-05   7.52e-09   1.07e-04  61.0%
Macro                  0.00e+00   0.00e+00   0.00e+00   0.00e+00   0.0%
Pad                    0.00e+00   0.00e+00   0.00e+00   0.00e+00   0.0%
----------------------------------------------------------------
Total                  1.04e-04   7.14e-05   9.27e-09   1.75e-04 100.0%
                          59.2%      40.8%       0.0%
power_report_end
area_report

===========================================================================
 report_design_area
============================================================================
Design area 13932 u^2 43% utilization.
area_report_end
Setting global connections for newly added cells...
[WARNING] Did not save OpenROAD database!
Writing SDF to /home/hosni/OpenFPGA/erc-fixes/clear/openlane/left_tile/runs/23_04_26_03_53/results/routing/mca/process_corner_nom/left_tile.sdf...
Writing timing model to /home/hosni/OpenFPGA/erc-fixes/clear/openlane/left_tile/runs/23_04_26_03_53/results/routing/mca/process_corner_nom/left_tile.lib...

