
===========================================================================
report_parasitic_annotation -report_unannotated
============================================================================
Found 559 unannotated drivers.
 analog_io[0]
 analog_io[10]
 analog_io[11]
 analog_io[12]
 analog_io[13]
 analog_io[14]
 analog_io[15]
 analog_io[16]
 analog_io[17]
 analog_io[18]
 analog_io[19]
 analog_io[1]
 analog_io[20]
 analog_io[21]
 analog_io[22]
 analog_io[23]
 analog_io[24]
 analog_io[25]
 analog_io[26]
 analog_io[27]
 analog_io[28]
 analog_io[2]
 analog_io[3]
 analog_io[4]
 analog_io[5]
 analog_io[6]
 analog_io[7]
 analog_io[8]
 analog_io[9]
 io_in[14]
 io_in[23]
 la_data_in[0]
 la_data_in[10]
 la_data_in[11]
 la_data_in[12]
 la_data_in[13]
 la_data_in[14]
 la_data_in[15]
 la_data_in[16]
 la_data_in[17]
 la_data_in[18]
 la_data_in[19]
 la_data_in[1]
 la_data_in[20]
 la_data_in[21]
 la_data_in[22]
 la_data_in[23]
 la_data_in[24]
 la_data_in[25]
 la_data_in[26]
 la_data_in[27]
 la_data_in[28]
 la_data_in[29]
 la_data_in[2]
 la_data_in[30]
 la_data_in[31]
 la_data_in[32]
 la_data_in[33]
 la_data_in[34]
 la_data_in[35]
 la_data_in[36]
 la_data_in[37]
 la_data_in[38]
 la_data_in[39]
 la_data_in[3]
 la_data_in[40]
 la_data_in[41]
 la_data_in[42]
 la_data_in[43]
 la_data_in[44]
 la_data_in[45]
 la_data_in[46]
 la_data_in[47]
 la_data_in[48]
 la_data_in[49]
 la_data_in[4]
 la_data_in[50]
 la_data_in[51]
 la_data_in[52]
 la_data_in[53]
 la_data_in[54]
 la_data_in[55]
 la_data_in[5]
 la_data_in[6]
 la_data_in[7]
 la_data_in[8]
 la_data_in[9]
 la_oenb[0]
 la_oenb[100]
 la_oenb[101]
 la_oenb[102]
 la_oenb[103]
 la_oenb[104]
 la_oenb[105]
 la_oenb[106]
 la_oenb[107]
 la_oenb[108]
 la_oenb[109]
 la_oenb[10]
 la_oenb[110]
 la_oenb[111]
 la_oenb[112]
 la_oenb[113]
 la_oenb[114]
 la_oenb[115]
 la_oenb[116]
 la_oenb[117]
 la_oenb[118]
 la_oenb[119]
 la_oenb[11]
 la_oenb[120]
 la_oenb[121]
 la_oenb[122]
 la_oenb[123]
 la_oenb[124]
 la_oenb[125]
 la_oenb[126]
 la_oenb[127]
 la_oenb[12]
 la_oenb[13]
 la_oenb[14]
 la_oenb[15]
 la_oenb[16]
 la_oenb[17]
 la_oenb[18]
 la_oenb[19]
 la_oenb[1]
 la_oenb[20]
 la_oenb[21]
 la_oenb[22]
 la_oenb[23]
 la_oenb[24]
 la_oenb[25]
 la_oenb[26]
 la_oenb[27]
 la_oenb[28]
 la_oenb[29]
 la_oenb[2]
 la_oenb[30]
 la_oenb[31]
 la_oenb[32]
 la_oenb[33]
 la_oenb[34]
 la_oenb[35]
 la_oenb[36]
 la_oenb[37]
 la_oenb[38]
 la_oenb[39]
 la_oenb[3]
 la_oenb[40]
 la_oenb[41]
 la_oenb[42]
 la_oenb[43]
 la_oenb[44]
 la_oenb[45]
 la_oenb[46]
 la_oenb[47]
 la_oenb[48]
 la_oenb[49]
 la_oenb[4]
 la_oenb[50]
 la_oenb[51]
 la_oenb[52]
 la_oenb[53]
 la_oenb[54]
 la_oenb[55]
 la_oenb[56]
 la_oenb[57]
 la_oenb[58]
 la_oenb[59]
 la_oenb[5]
 la_oenb[60]
 la_oenb[61]
 la_oenb[62]
 la_oenb[63]
 la_oenb[64]
 la_oenb[65]
 la_oenb[66]
 la_oenb[67]
 la_oenb[68]
 la_oenb[69]
 la_oenb[6]
 la_oenb[70]
 la_oenb[71]
 la_oenb[72]
 la_oenb[73]
 la_oenb[74]
 la_oenb[75]
 la_oenb[76]
 la_oenb[77]
 la_oenb[78]
 la_oenb[79]
 la_oenb[7]
 la_oenb[80]
 la_oenb[81]
 la_oenb[82]
 la_oenb[83]
 la_oenb[84]
 la_oenb[85]
 la_oenb[86]
 la_oenb[87]
 la_oenb[88]
 la_oenb[89]
 la_oenb[8]
 la_oenb[90]
 la_oenb[91]
 la_oenb[92]
 la_oenb[93]
 la_oenb[94]
 la_oenb[95]
 la_oenb[96]
 la_oenb[97]
 la_oenb[98]
 la_oenb[99]
 la_oenb[9]
 user_clock2
 wb_rst_i
 wbs_adr_i[0]
 wbs_adr_i[10]
 wbs_adr_i[11]
 wbs_adr_i[12]
 wbs_adr_i[13]
 wbs_adr_i[14]
 wbs_adr_i[15]
 wbs_adr_i[16]
 wbs_adr_i[17]
 wbs_adr_i[18]
 wbs_adr_i[19]
 wbs_adr_i[1]
 wbs_adr_i[20]
 wbs_adr_i[21]
 wbs_adr_i[22]
 wbs_adr_i[23]
 wbs_adr_i[24]
 wbs_adr_i[25]
 wbs_adr_i[26]
 wbs_adr_i[27]
 wbs_adr_i[28]
 wbs_adr_i[29]
 wbs_adr_i[2]
 wbs_adr_i[30]
 wbs_adr_i[31]
 wbs_adr_i[3]
 wbs_adr_i[4]
 wbs_adr_i[5]
 wbs_adr_i[6]
 wbs_adr_i[7]
 wbs_adr_i[8]
 wbs_adr_i[9]
 wbs_cyc_i
 wbs_dat_i[0]
 wbs_dat_i[10]
 wbs_dat_i[11]
 wbs_dat_i[12]
 wbs_dat_i[13]
 wbs_dat_i[14]
 wbs_dat_i[15]
 wbs_dat_i[16]
 wbs_dat_i[17]
 wbs_dat_i[18]
 wbs_dat_i[19]
 wbs_dat_i[1]
 wbs_dat_i[20]
 wbs_dat_i[21]
 wbs_dat_i[22]
 wbs_dat_i[23]
 wbs_dat_i[24]
 wbs_dat_i[25]
 wbs_dat_i[26]
 wbs_dat_i[27]
 wbs_dat_i[28]
 wbs_dat_i[29]
 wbs_dat_i[2]
 wbs_dat_i[30]
 wbs_dat_i[31]
 wbs_dat_i[3]
 wbs_dat_i[4]
 wbs_dat_i[5]
 wbs_dat_i[6]
 wbs_dat_i[7]
 wbs_dat_i[8]
 wbs_dat_i[9]
 wbs_sel_i[0]
 wbs_sel_i[1]
 wbs_sel_i[2]
 wbs_sel_i[3]
 wbs_stb_i
 wbs_we_i
 _089_/HI
 _090_/HI
 _091_/HI
 _092_/HI
 _093_/HI
 _094_/HI
 _095_/HI
 _096_/HI
 _097_/HI
 _098_/HI
 _099_/HI
 _100_/HI
 _101_/HI
 _102_/HI
 _103_/HI
 _104_/HI
 _105_/HI
 _106_/HI
 _107_/HI
 _108_/HI
 _109_/HI
 _110_/HI
 _111_/HI
 _112_/HI
 _113_/HI
 _114_/HI
 _115_/HI
 _116_/HI
 _117_/HI
 _118_/HI
 _119_/HI
 _120_/HI
 _121_/HI
 _122_/HI
 _123_/HI
 _124_/HI
 _125_/HI
 _126_/HI
 _127_/HI
 _128_/HI
 _129_/HI
 _130_/HI
 _131_/HI
 _132_/HI
 _133_/HI
 _134_/HI
 _135_/HI
 _136_/HI
 _137_/HI
 _138_/HI
 _139_/HI
 _140_/HI
 _141_/HI
 _142_/HI
 _143_/HI
 _144_/HI
 _145_/HI
 _146_/HI
 _147_/HI
 _148_/HI
 _149_/HI
 _150_/HI
 _151_/HI
 _152_/HI
 _153_/HI
 fpga_core_uut/gfpga_pad_io_soc_dir[0]
 fpga_core_uut/gfpga_pad_io_soc_dir[100]
 fpga_core_uut/gfpga_pad_io_soc_dir[101]
 fpga_core_uut/gfpga_pad_io_soc_dir[102]
 fpga_core_uut/gfpga_pad_io_soc_dir[103]
 fpga_core_uut/gfpga_pad_io_soc_dir[104]
 fpga_core_uut/gfpga_pad_io_soc_dir[105]
 fpga_core_uut/gfpga_pad_io_soc_dir[106]
 fpga_core_uut/gfpga_pad_io_soc_dir[107]
 fpga_core_uut/gfpga_pad_io_soc_dir[108]
 fpga_core_uut/gfpga_pad_io_soc_dir[109]
 fpga_core_uut/gfpga_pad_io_soc_dir[10]
 fpga_core_uut/gfpga_pad_io_soc_dir[110]
 fpga_core_uut/gfpga_pad_io_soc_dir[111]
 fpga_core_uut/gfpga_pad_io_soc_dir[112]
 fpga_core_uut/gfpga_pad_io_soc_dir[113]
 fpga_core_uut/gfpga_pad_io_soc_dir[114]
 fpga_core_uut/gfpga_pad_io_soc_dir[115]
 fpga_core_uut/gfpga_pad_io_soc_dir[116]
 fpga_core_uut/gfpga_pad_io_soc_dir[117]
 fpga_core_uut/gfpga_pad_io_soc_dir[118]
 fpga_core_uut/gfpga_pad_io_soc_dir[11]
 fpga_core_uut/gfpga_pad_io_soc_dir[12]
 fpga_core_uut/gfpga_pad_io_soc_dir[1]
 fpga_core_uut/gfpga_pad_io_soc_dir[20]
 fpga_core_uut/gfpga_pad_io_soc_dir[21]
 fpga_core_uut/gfpga_pad_io_soc_dir[22]
 fpga_core_uut/gfpga_pad_io_soc_dir[23]
 fpga_core_uut/gfpga_pad_io_soc_dir[24]
 fpga_core_uut/gfpga_pad_io_soc_dir[25]
 fpga_core_uut/gfpga_pad_io_soc_dir[26]
 fpga_core_uut/gfpga_pad_io_soc_dir[27]
 fpga_core_uut/gfpga_pad_io_soc_dir[28]
 fpga_core_uut/gfpga_pad_io_soc_dir[29]
 fpga_core_uut/gfpga_pad_io_soc_dir[2]
 fpga_core_uut/gfpga_pad_io_soc_dir[30]
 fpga_core_uut/gfpga_pad_io_soc_dir[31]
 fpga_core_uut/gfpga_pad_io_soc_dir[32]
 fpga_core_uut/gfpga_pad_io_soc_dir[33]
 fpga_core_uut/gfpga_pad_io_soc_dir[34]
 fpga_core_uut/gfpga_pad_io_soc_dir[35]
 fpga_core_uut/gfpga_pad_io_soc_dir[3]
 fpga_core_uut/gfpga_pad_io_soc_dir[47]
 fpga_core_uut/gfpga_pad_io_soc_dir[48]
 fpga_core_uut/gfpga_pad_io_soc_dir[49]
 fpga_core_uut/gfpga_pad_io_soc_dir[4]
 fpga_core_uut/gfpga_pad_io_soc_dir[50]
 fpga_core_uut/gfpga_pad_io_soc_dir[51]
 fpga_core_uut/gfpga_pad_io_soc_dir[52]
 fpga_core_uut/gfpga_pad_io_soc_dir[53]
 fpga_core_uut/gfpga_pad_io_soc_dir[54]
 fpga_core_uut/gfpga_pad_io_soc_dir[55]
 fpga_core_uut/gfpga_pad_io_soc_dir[56]
 fpga_core_uut/gfpga_pad_io_soc_dir[57]
 fpga_core_uut/gfpga_pad_io_soc_dir[58]
 fpga_core_uut/gfpga_pad_io_soc_dir[59]
 fpga_core_uut/gfpga_pad_io_soc_dir[5]
 fpga_core_uut/gfpga_pad_io_soc_dir[60]
 fpga_core_uut/gfpga_pad_io_soc_dir[61]
 fpga_core_uut/gfpga_pad_io_soc_dir[62]
 fpga_core_uut/gfpga_pad_io_soc_dir[63]
 fpga_core_uut/gfpga_pad_io_soc_dir[64]
 fpga_core_uut/gfpga_pad_io_soc_dir[65]
 fpga_core_uut/gfpga_pad_io_soc_dir[66]
 fpga_core_uut/gfpga_pad_io_soc_dir[67]
 fpga_core_uut/gfpga_pad_io_soc_dir[68]
 fpga_core_uut/gfpga_pad_io_soc_dir[69]
 fpga_core_uut/gfpga_pad_io_soc_dir[6]
 fpga_core_uut/gfpga_pad_io_soc_dir[70]
 fpga_core_uut/gfpga_pad_io_soc_dir[71]
 fpga_core_uut/gfpga_pad_io_soc_dir[72]
 fpga_core_uut/gfpga_pad_io_soc_dir[73]
 fpga_core_uut/gfpga_pad_io_soc_dir[74]
 fpga_core_uut/gfpga_pad_io_soc_dir[75]
 fpga_core_uut/gfpga_pad_io_soc_dir[76]
 fpga_core_uut/gfpga_pad_io_soc_dir[77]
 fpga_core_uut/gfpga_pad_io_soc_dir[78]
 fpga_core_uut/gfpga_pad_io_soc_dir[79]
 fpga_core_uut/gfpga_pad_io_soc_dir[7]
 fpga_core_uut/gfpga_pad_io_soc_dir[80]
 fpga_core_uut/gfpga_pad_io_soc_dir[81]
 fpga_core_uut/gfpga_pad_io_soc_dir[82]
 fpga_core_uut/gfpga_pad_io_soc_dir[83]
 fpga_core_uut/gfpga_pad_io_soc_dir[84]
 fpga_core_uut/gfpga_pad_io_soc_dir[85]
 fpga_core_uut/gfpga_pad_io_soc_dir[86]
 fpga_core_uut/gfpga_pad_io_soc_dir[87]
 fpga_core_uut/gfpga_pad_io_soc_dir[88]
 fpga_core_uut/gfpga_pad_io_soc_dir[89]
 fpga_core_uut/gfpga_pad_io_soc_dir[8]
 fpga_core_uut/gfpga_pad_io_soc_dir[90]
 fpga_core_uut/gfpga_pad_io_soc_dir[91]
 fpga_core_uut/gfpga_pad_io_soc_dir[92]
 fpga_core_uut/gfpga_pad_io_soc_dir[93]
 fpga_core_uut/gfpga_pad_io_soc_dir[94]
 fpga_core_uut/gfpga_pad_io_soc_dir[95]
 fpga_core_uut/gfpga_pad_io_soc_dir[96]
 fpga_core_uut/gfpga_pad_io_soc_dir[97]
 fpga_core_uut/gfpga_pad_io_soc_dir[98]
 fpga_core_uut/gfpga_pad_io_soc_dir[99]
 fpga_core_uut/gfpga_pad_io_soc_dir[9]
 fpga_core_uut/gfpga_pad_io_soc_out[0]
 fpga_core_uut/gfpga_pad_io_soc_out[10]
 fpga_core_uut/gfpga_pad_io_soc_out[11]
 fpga_core_uut/gfpga_pad_io_soc_out[12]
 fpga_core_uut/gfpga_pad_io_soc_out[1]
 fpga_core_uut/gfpga_pad_io_soc_out[20]
 fpga_core_uut/gfpga_pad_io_soc_out[21]
 fpga_core_uut/gfpga_pad_io_soc_out[22]
 fpga_core_uut/gfpga_pad_io_soc_out[23]
 fpga_core_uut/gfpga_pad_io_soc_out[24]
 fpga_core_uut/gfpga_pad_io_soc_out[25]
 fpga_core_uut/gfpga_pad_io_soc_out[26]
 fpga_core_uut/gfpga_pad_io_soc_out[27]
 fpga_core_uut/gfpga_pad_io_soc_out[28]
 fpga_core_uut/gfpga_pad_io_soc_out[29]
 fpga_core_uut/gfpga_pad_io_soc_out[2]
 fpga_core_uut/gfpga_pad_io_soc_out[30]
 fpga_core_uut/gfpga_pad_io_soc_out[31]
 fpga_core_uut/gfpga_pad_io_soc_out[32]
 fpga_core_uut/gfpga_pad_io_soc_out[33]
 fpga_core_uut/gfpga_pad_io_soc_out[34]
 fpga_core_uut/gfpga_pad_io_soc_out[35]
 fpga_core_uut/gfpga_pad_io_soc_out[3]
 fpga_core_uut/gfpga_pad_io_soc_out[4]
 fpga_core_uut/gfpga_pad_io_soc_out[5]
 fpga_core_uut/gfpga_pad_io_soc_out[6]
 fpga_core_uut/gfpga_pad_io_soc_out[7]
 fpga_core_uut/gfpga_pad_io_soc_out[8]
 fpga_core_uut/gfpga_pad_io_soc_out[9]
 fpga_core_uut_350/HI
 fpga_core_uut_351/HI
 fpga_core_uut_352/HI
 fpga_core_uut_353/HI
 fpga_core_uut_354/HI
 fpga_core_uut_355/HI
 fpga_core_uut_356/HI
 fpga_core_uut_357/HI
 fpga_core_uut_358/HI
 fpga_core_uut_359/HI
 fpga_core_uut_360/HI
 fpga_core_uut_361/HI
 fpga_core_uut_362/HI
 fpga_core_uut_363/HI
 fpga_core_uut_364/HI
 fpga_core_uut_365/HI
 fpga_core_uut_366/HI
 fpga_core_uut_367/HI
 fpga_core_uut_368/HI
 fpga_core_uut_369/HI
 fpga_core_uut_370/HI
 fpga_core_uut_371/HI
 fpga_core_uut_372/HI
 fpga_core_uut_373/HI
 fpga_core_uut_374/HI
 fpga_core_uut_388/HI
 fpga_core_uut_389/HI
 fpga_core_uut_390/HI
 fpga_core_uut_391/HI
 user_project_wrapper_375/HI
 user_project_wrapper_376/HI
 user_project_wrapper_377/HI
 user_project_wrapper_378/HI
 user_project_wrapper_379/HI
 user_project_wrapper_380/HI
 user_project_wrapper_381/HI
 user_project_wrapper_382/HI
 user_project_wrapper_383/HI
 user_project_wrapper_384/HI
 user_project_wrapper_385/HI
 user_project_wrapper_386/HI
 user_project_wrapper_387/HI
 user_project_wrapper_392/LO
 user_project_wrapper_393/LO
 user_project_wrapper_394/LO
 user_project_wrapper_395/LO
 user_project_wrapper_396/LO
 user_project_wrapper_397/LO
 user_project_wrapper_398/LO
 user_project_wrapper_399/LO
 user_project_wrapper_400/LO
 user_project_wrapper_401/LO
 user_project_wrapper_402/LO
 user_project_wrapper_403/LO
 user_project_wrapper_404/LO
 user_project_wrapper_405/LO
 user_project_wrapper_406/LO
 user_project_wrapper_407/LO
 user_project_wrapper_408/LO
 user_project_wrapper_409/LO
 user_project_wrapper_410/LO
 user_project_wrapper_411/LO
 user_project_wrapper_412/LO
 user_project_wrapper_413/LO
 user_project_wrapper_414/LO
 user_project_wrapper_415/LO
 user_project_wrapper_416/LO
 user_project_wrapper_417/LO
 user_project_wrapper_418/LO
 user_project_wrapper_419/LO
 user_project_wrapper_420/LO
 user_project_wrapper_421/LO
 user_project_wrapper_422/LO
 user_project_wrapper_423/LO
 user_project_wrapper_424/LO
 user_project_wrapper_425/LO
Found 99 partially unannotated drivers.
 input10/X
  ANTENNA_fpga_core_uut_gfpga_pad_io_soc_in[15]/DIODE
 input12/X
  ANTENNA_fpga_core_uut_gfpga_pad_io_soc_in[14]/DIODE
 input13/X
  ANTENNA_fpga_core_uut_gfpga_pad_io_soc_in[13]/DIODE
 input15/X
  ANTENNA_fpga_core_uut_gfpga_pad_io_soc_in[127]/DIODE
 input16/X
  ANTENNA_fpga_core_uut_gfpga_pad_io_soc_in[126]/DIODE
 input17/X
  ANTENNA_fpga_core_uut_gfpga_pad_io_soc_in[125]/DIODE
 input18/X
  ANTENNA_fpga_core_uut_gfpga_pad_io_soc_in[124]/DIODE
 input39/X
  ANTENNA_fpga_core_uut_gfpga_pad_io_soc_in[72]/DIODE
 input4/X
  ANTENNA_fpga_core_uut_gfpga_pad_io_soc_in[37]/DIODE
 input40/X
  ANTENNA_fpga_core_uut_gfpga_pad_io_soc_in[71]/DIODE
 input41/X
  ANTENNA_fpga_core_uut_gfpga_pad_io_soc_in[70]/DIODE
 input42/X
  ANTENNA_fpga_core_uut_gfpga_pad_io_soc_in[69]/DIODE
 input5/X
  ANTENNA_fpga_core_uut_gfpga_pad_io_soc_in[36]/DIODE
 input9/X
  ANTENNA_fpga_core_uut_gfpga_pad_io_soc_in[16]/DIODE
 wire136/X
  ANTENNA_fpga_core_uut_gfpga_pad_io_soc_in[84]/DIODE
 wire138/X
  ANTENNA_fpga_core_uut_gfpga_pad_io_soc_in[85]/DIODE
 wire140/X
  ANTENNA_fpga_core_uut_gfpga_pad_io_soc_in[86]/DIODE
 wire142/X
  ANTENNA_fpga_core_uut_gfpga_pad_io_soc_in[87]/DIODE
 wire144/X
  ANTENNA_fpga_core_uut_gfpga_pad_io_soc_in[88]/DIODE
 wire146/X
  ANTENNA_fpga_core_uut_gfpga_pad_io_soc_in[89]/DIODE
 wire148/X
  ANTENNA_fpga_core_uut_gfpga_pad_io_soc_in[90]/DIODE
 wire150/X
  ANTENNA_fpga_core_uut_gfpga_pad_io_soc_in[91]/DIODE
 wire152/X
  ANTENNA_fpga_core_uut_gfpga_pad_io_soc_in[92]/DIODE
 wire154/X
  ANTENNA_fpga_core_uut_gfpga_pad_io_soc_in[93]/DIODE
 wire156/X
  ANTENNA_fpga_core_uut_gfpga_pad_io_soc_in[94]/DIODE
 wire159/X
  ANTENNA_fpga_core_uut_gfpga_pad_io_soc_in[95]/DIODE
 wire162/X
  ANTENNA_fpga_core_uut_gfpga_pad_io_soc_in[96]/DIODE
 wire165/X
  ANTENNA_fpga_core_uut_gfpga_pad_io_soc_in[97]/DIODE
 wire168/X
  ANTENNA_fpga_core_uut_gfpga_pad_io_soc_in[98]/DIODE
 wire171/X
  ANTENNA_fpga_core_uut_gfpga_pad_io_soc_in[99]/DIODE
 wire174/X
  ANTENNA_fpga_core_uut_gfpga_pad_io_soc_in[100]/DIODE
 wire177/X
  ANTENNA_fpga_core_uut_gfpga_pad_io_soc_in[101]/DIODE
 wire180/X
  ANTENNA_fpga_core_uut_gfpga_pad_io_soc_in[102]/DIODE
 wire183/X
  ANTENNA_fpga_core_uut_gfpga_pad_io_soc_in[103]/DIODE
 wire186/X
  ANTENNA_fpga_core_uut_gfpga_pad_io_soc_in[17]/DIODE
 wire187/X
  ANTENNA_fpga_core_uut_gfpga_pad_io_soc_in[104]/DIODE
 wire190/X
  ANTENNA_fpga_core_uut_gfpga_pad_io_soc_in[105]/DIODE
 wire194/X
  ANTENNA_fpga_core_uut_gfpga_pad_io_soc_in[106]/DIODE
 wire198/X
  ANTENNA_fpga_core_uut_gfpga_pad_io_soc_in[107]/DIODE
 wire202/X
  ANTENNA_fpga_core_uut_gfpga_pad_io_soc_in[108]/DIODE
 wire206/X
  ANTENNA_fpga_core_uut_gfpga_pad_io_soc_in[109]/DIODE
 wire210/X
  ANTENNA_fpga_core_uut_gfpga_pad_io_soc_in[110]/DIODE
 wire214/X
  ANTENNA_fpga_core_uut_gfpga_pad_io_soc_in[111]/DIODE
 wire218/X
  ANTENNA_fpga_core_uut_gfpga_pad_io_soc_in[112]/DIODE
 wire222/X
  ANTENNA_fpga_core_uut_gfpga_pad_io_soc_in[113]/DIODE
 wire226/X
  ANTENNA_fpga_core_uut_gfpga_pad_io_soc_in[18]/DIODE
 wire227/X
  ANTENNA_fpga_core_uut_gfpga_pad_io_soc_in[114]/DIODE
 wire231/X
  ANTENNA_fpga_core_uut_gfpga_pad_io_soc_in[115]/DIODE
 wire235/X
  ANTENNA_fpga_core_uut_gfpga_pad_io_soc_in[116]/DIODE
 wire240/X
  ANTENNA_fpga_core_uut_gfpga_pad_io_soc_in[117]/DIODE
 wire245/X
  ANTENNA_fpga_core_uut_gfpga_pad_io_soc_in[118]/DIODE
 wire250/X
  ANTENNA_fpga_core_uut_gfpga_pad_io_soc_in[47]/DIODE
 wire253/X
  ANTENNA_fpga_core_uut_gfpga_pad_io_soc_in[48]/DIODE
 wire256/X
  ANTENNA_fpga_core_uut_gfpga_pad_io_soc_in[49]/DIODE
 wire259/X
  ANTENNA_fpga_core_uut_gfpga_pad_io_soc_in[50]/DIODE
 wire262/X
  ANTENNA_fpga_core_uut_gfpga_pad_io_soc_in[51]/DIODE
 wire264/X
  ANTENNA_fpga_core_uut_gfpga_pad_io_soc_in[19]/DIODE
 wire265/X
  ANTENNA_fpga_core_uut_gfpga_pad_io_soc_in[52]/DIODE
 wire267/X
  ANTENNA_fpga_core_uut_gfpga_pad_io_soc_in[53]/DIODE
 wire269/X
  ANTENNA_fpga_core_uut_gfpga_pad_io_soc_in[54]/DIODE
 wire271/X
  ANTENNA_fpga_core_uut_gfpga_pad_io_soc_in[55]/DIODE
 wire273/X
  ANTENNA_fpga_core_uut_gfpga_pad_io_soc_in[56]/DIODE
 wire275/X
  ANTENNA_fpga_core_uut_gfpga_pad_io_soc_in[57]/DIODE
 wire277/X
  ANTENNA_fpga_core_uut_gfpga_pad_io_soc_in[58]/DIODE
 wire278/X
  ANTENNA_fpga_core_uut_gfpga_pad_io_soc_in[59]/DIODE
 wire279/X
  ANTENNA_fpga_core_uut_gfpga_pad_io_soc_in[60]/DIODE
 wire280/X
  ANTENNA_fpga_core_uut_gfpga_pad_io_soc_in[61]/DIODE
 wire281/X
  ANTENNA_fpga_core_uut_gfpga_pad_io_soc_in[62]/DIODE
 wire282/X
  ANTENNA_fpga_core_uut_gfpga_pad_io_soc_in[63]/DIODE
 wire283/X
  ANTENNA_fpga_core_uut_gfpga_pad_io_soc_in[64]/DIODE
 wire284/X
  ANTENNA_fpga_core_uut_gfpga_pad_io_soc_in[65]/DIODE
 wire285/X
  ANTENNA_fpga_core_uut_gfpga_pad_io_soc_in[66]/DIODE
 wire286/X
  ANTENNA_fpga_core_uut_gfpga_pad_io_soc_in[67]/DIODE
 wire287/X
  ANTENNA_fpga_core_uut_gfpga_pad_io_soc_in[68]/DIODE
 wire288/X
  ANTENNA_fpga_core_uut_gfpga_pad_io_soc_in[73]/DIODE
 wire289/X
  ANTENNA_fpga_core_uut_gfpga_pad_io_soc_in[74]/DIODE
 wire290/X
  ANTENNA_fpga_core_uut_gfpga_pad_io_soc_in[39]/DIODE
 wire291/X
  ANTENNA_fpga_core_uut_gfpga_pad_io_soc_in[40]/DIODE
 wire293/X
  ANTENNA_fpga_core_uut_gfpga_pad_io_soc_in[41]/DIODE
 wire295/X
  ANTENNA_fpga_core_uut_gfpga_pad_io_soc_in[42]/DIODE
 wire297/X
  ANTENNA_fpga_core_uut_gfpga_pad_io_soc_in[43]/DIODE
 wire299/X
  ANTENNA_fpga_core_uut_gfpga_pad_io_soc_in[44]/DIODE
 wire301/X
  ANTENNA_fpga_core_uut_gfpga_pad_io_soc_in[38]/DIODE
 wire302/X
  ANTENNA_fpga_core_uut_gfpga_pad_io_soc_in[119]/DIODE
 wire304/X
  ANTENNA_fpga_core_uut_gfpga_pad_io_soc_in[120]/DIODE
 wire306/X
  ANTENNA_fpga_core_uut_gfpga_pad_io_soc_in[121]/DIODE
 wire307/X
  ANTENNA_fpga_core_uut_gfpga_pad_io_soc_in[122]/DIODE
 wire308/X
  ANTENNA_fpga_core_uut_gfpga_pad_io_soc_in[45]/DIODE
 wire311/X
  ANTENNA_fpga_core_uut_gfpga_pad_io_soc_in[123]/DIODE
 wire312/X
  ANTENNA_fpga_core_uut_gfpga_pad_io_soc_in[75]/DIODE
 wire313/X
  ANTENNA_fpga_core_uut_gfpga_pad_io_soc_in[76]/DIODE
 wire314/X
  ANTENNA_fpga_core_uut_gfpga_pad_io_soc_in[77]/DIODE
 wire315/X
  ANTENNA_fpga_core_uut_gfpga_pad_io_soc_in[78]/DIODE
 wire316/X
  ANTENNA_fpga_core_uut_gfpga_pad_io_soc_in[79]/DIODE
 wire317/X
  ANTENNA_fpga_core_uut_gfpga_pad_io_soc_in[80]/DIODE
 wire318/X
  ANTENNA_fpga_core_uut_gfpga_pad_io_soc_in[81]/DIODE
 wire319/X
  ANTENNA_fpga_core_uut_gfpga_pad_io_soc_in[82]/DIODE
 wire320/X
  ANTENNA_fpga_core_uut_gfpga_pad_io_soc_in[83]/DIODE
 wire321/X
  ANTENNA_fpga_core_uut_gfpga_pad_io_soc_in[46]/DIODE
parastic_annotation_check
check_slew

===========================================================================
 report_check_types -max_slew -max_cap -max_fanout -violators
============================================================================

===========================================================================
max slew violation count 0
max fanout violation count 0
max cap violation count 0
============================================================================
check_slew_end
tns_report

===========================================================================
 report_tns
============================================================================
tns 0.00
tns_report_end
wns_report

===========================================================================
 report_wns
============================================================================
wns 0.00
wns_report_end
worst_slack

===========================================================================
 report_worst_slack -max (Setup)
============================================================================
worst slack INF

===========================================================================
 report_worst_slack -min (Hold)
============================================================================
worst slack INF
worst_slack_end
clock_skew

===========================================================================
 report_clock_skew
============================================================================
Clock wb_clk_i
No launch/capture paths found.

clock_skew_end
power_report

===========================================================================
 report_power
============================================================================
Group                  Internal  Switching    Leakage      Total
                          Power      Power      Power      Power (Watts)
----------------------------------------------------------------
Sequential             0.00e+00   0.00e+00   0.00e+00   0.00e+00   0.0%
Combinational          5.50e-05   1.15e-04   1.72e-07   1.70e-04 100.0%
Macro                  0.00e+00   0.00e+00   0.00e+00   0.00e+00   0.0%
Pad                    0.00e+00   0.00e+00   0.00e+00   0.00e+00   0.0%
----------------------------------------------------------------
Total                  5.50e-05   1.15e-04   1.72e-07   1.70e-04 100.0%
                          32.4%      67.5%       0.1%
power_report_end
area_report

===========================================================================
 report_design_area
============================================================================
Design area 6784722 u^2 67% utilization.
area_report_end
Setting global connections for newly added cells...
[WARNING] Did not save OpenROAD database!
Writing SDF to /home/hosni/OpenFPGA/erc-fixes/clear/openlane/user_project_wrapper/runs/23_04_26_19_01/results/routing/mca/process_corner_nom/user_project_wrapper.sdf...

